=== EXAMPLE: scdoc_Overviews_Operators_ex9 ===

DESCRIPTION: A dark pure_tone sound, with complex oscillator character around 501 Hz, featuring very_slow attack and sustained envelope, energy distribution is late, filtered with resonant_steep_rolloff character, and spectrally simple.

CATEGORIES:
  attack_time: very_slow
  brightness: dark
  crest_factor_db: sustained
  envelope_flatness: sustained
  harmonic_to_noise_ratio: pure_tone
  spectral_complexity_mean: simple
  spectral_flux_normalized: stable
  spectral_slope: steep_rolloff
  temporal_centroid: late

SYNTHESIS CONCEPTS (key values):
[oscillator]
  fundamental_freq: 501.0658
  harmonic_decay_rate: -6.3697
  harmonic_regularity: 0.0996
  pitch_clarity: 71.5886
  inharmonicity: 0.0000
  type: complex
[filter]
  spectral_slope: -5.3691
  resonance_freq: 495.2637

SUPERCOLLIDER CODE:
// Title: Operators Example 9
// Author: SC Documentation
// URL: http://doc.sccode.org/Overviews/Operators.html
// Tags: Operators, Overviews
// ---
// --- Example 9 ---
(
{
    var a;
    a = Line.ar(-4, 4, 0.01);
    a.distort
}.plot
)

{ FSinOsc.ar(500, 0.0, XLine.kr(0.1, 10, 10)).distort * 0.25 }.play;
