=== EXAMPLE: scdoc_Classes_NamedControl_ex4 ===

DESCRIPTION: A very_dark pure_tone sound, with complex oscillator character around 176 Hz, featuring punchy attack and sustained envelope, filtered with resonant_steep_rolloff character, and spectrally simple.

CATEGORIES:
  attack_time: punchy
  brightness: very_dark
  crest_factor_db: sustained
  envelope_flatness: flat
  harmonic_to_noise_ratio: pure_tone
  spectral_complexity_mean: simple
  spectral_flux_normalized: stable
  spectral_slope: steep_rolloff
  temporal_centroid: balanced

SYNTHESIS CONCEPTS (key values):
[oscillator]
  fundamental_freq: 176.1332
  harmonic_decay_rate: 15.9667
  harmonic_regularity: 0.4289
  pitch_clarity: 50.8238
  inharmonicity: 0.0000
  type: complex
[filter]
  spectral_slope: -8.5252
  resonance_freq: 516.7969

SUPERCOLLIDER CODE:
// Title: NamedControl Example 4
// Author: SC Documentation
// URL: http://doc.sccode.org/Classes/NamedControl.html
// Tags: NamedControl, Classes
// ---
// --- Example 4 ---
// compare this:
(
a = {
    var x, y;
    x = NamedControl.kr(\freq, 440).lag(3.5);
    y = NamedControl.kr(\freq, 440).lag(1);
    SinOsc.ar([x, y] * [2, 1.2]) * 0.1
}.play;
)

a.set(\freq, 1220);
a.set(\freq, 120);

// to this:
(
a = {
    var x, y;
    x = Control.names([\freq]).kr(440).lag(3.5);
    y = Control.names([\freq]).kr(440).lag(1); // this hangs when set
    SinOsc.ar([x, y] * [2, 1.2]) * 0.1
}.play;
)

a.set(\freq, 1220);
a.set(\freq, 120);
