=== EXAMPLE: scdoc_Guides_Tour_of_UGens_ex20 ===

DESCRIPTION: A very_dark mixed sound, with complex characteristics, featuring instant attack and compressed envelope, with static spectral movement, filtered with highpass character, and spectrally dense.

CATEGORIES:
  attack_time: instant
  brightness: very_dark
  crest_factor_db: compressed
  envelope_flatness: very_dynamic
  harmonic_to_noise_ratio: mixed
  spectral_complexity_mean: dense
  spectral_flux_normalized: static
  spectral_slope: highpass
  temporal_centroid: balanced

SYNTHESIS CONCEPTS (key values):
[oscillator]
  fundamental_freq: 0.0000
  harmonic_decay_rate: 0.0000
  harmonic_regularity: 0.0000
  pitch_clarity: 0.0000
  inharmonicity: 0.0000
  type: complex
[filter]
  spectral_slope: 0.0000
  resonance_freq: 0.0000

SUPERCOLLIDER CODE:
// Title: Tour of UGens Example 20
// Author: SC Documentation
// URL: http://doc.sccode.org/Guides/Tour_of_UGens.html
// Tags: Tour_of_UGens, Guides
// ---
// --- Example 20 ---
b.sine1(1.0/(1..6), true, true, true);

{ COsc.ar(80, 100, 1, 0.1) }.play;
// change buffer as above.
